[    0.000000] Initializing cgroup subsys cpuset
[    0.000000] Initializing cgroup subsys cpu
[    0.000000] Initializing cgroup subsys cpuacct
[    0.000000] Linux version 4.4.0-59-generic (buildd@lgw01-11) (gcc version 5.4.0 20160609 (Ubuntu 5.4.0-6ubuntu1~16.04.4) ) #80-Ubuntu SMP Fri Jan 6 17:47:47 UTC 2017 (Ubuntu 4.4.0-59.80-generic 4.4.35)
[    0.000000] Command line: BOOT_IMAGE=/boot/vmlinuz-4.4.0-59-generic root=LABEL=cloudimg-rootfs ro console=tty1 console=ttyS0
[    0.000000] KERNEL supported cpus:
[    0.000000]   Intel GenuineIntel
[    0.000000]   AMD AuthenticAMD
[    0.000000]   Centaur CentaurHauls
[    0.000000] x86/fpu: xstate_offset[2]:  576, xstate_sizes[2]:  256
[    0.000000] x86/fpu: Supporting XSAVE feature 0x01: 'x87 floating point registers'
[    0.000000] x86/fpu: Supporting XSAVE feature 0x02: 'SSE registers'
[    0.000000] x86/fpu: Supporting XSAVE feature 0x04: 'AVX registers'
[    0.000000] x86/fpu: Enabled xstate features 0x7, context size is 832 bytes, using 'standard' format.
[    0.000000] x86/fpu: Using 'lazy' FPU context switches.
[    0.000000] e820: BIOS-provided physical RAM map:
[    0.000000] BIOS-e820: [mem 0x0000000000000000-0x000000000009fbff] usable
[    0.000000] BIOS-e820: [mem 0x000000000009fc00-0x000000000009ffff] reserved
[    0.000000] BIOS-e820: [mem 0x00000000000f0000-0x00000000000fffff] reserved
[    0.000000] BIOS-e820: [mem 0x0000000000100000-0x000000003ffeffff] usable
[    0.000000] BIOS-e820: [mem 0x000000003fff0000-0x000000003fffffff] ACPI data
[    0.000000] BIOS-e820: [mem 0x00000000fec00000-0x00000000fec00fff] reserved
[    0.000000] BIOS-e820: [mem 0x00000000fee00000-0x00000000fee00fff] reserved
[    0.000000] BIOS-e820: [mem 0x00000000fffc0000-0x00000000ffffffff] reserved
[    0.000000] NX (Execute Disable) protection: active
[    0.000000] SMBIOS 2.5 present.
[    0.000000] Hypervisor detected: KVM
[    0.000000] e820: last_pfn = 0x3fff0 max_arch_pfn = 0x400000000
[    0.000000] MTRR: Disabled
[    0.000000] x86/PAT: MTRRs disabled, skipping PAT initialization too.
[    0.000000] x86/PAT: Configuration [0-7]: WB  WT  UC- UC  WB  WT  UC- UC  
[    0.000000] CPU MTRRs all blank - virtualized system.
[    0.000000] found SMP MP-table at [mem 0x0009fff0-0x0009ffff] mapped at [ffff88000009fff0]
[    0.000000] Scanning 1 areas for low memory corruption
[    0.000000] RAMDISK: [mem 0x36b68000-0x375abfff]
[    0.000000] ACPI: Early table checksum verification disabled
[    0.000000] ACPI: RSDP 0x00000000000E0000 000024 (v02 VBOX  )
[    0.000000] ACPI: XSDT 0x000000003FFF0030 00003C (v01 VBOX   VBOXXSDT 00000001 ASL  00000061)
[    0.000000] ACPI: FACP 0x000000003FFF00F0 0000F4 (v04 VBOX   VBOXFACP 00000001 ASL  00000061)
[    0.000000] ACPI: DSDT 0x000000003FFF0470 00210F (v01 VBOX   VBOXBIOS 00000002 INTL 20100528)
[    0.000000] ACPI: FACS 0x000000003FFF0200 000040
[    0.000000] ACPI: FACS 0x000000003FFF0200 000040
[    0.000000] ACPI: APIC 0x000000003FFF0240 00005C (v02 VBOX   VBOXAPIC 00000001 ASL  00000061)
[    0.000000] ACPI: SSDT 0x000000003FFF02A0 0001CC (v01 VBOX   VBOXCPUT 00000002 INTL 20100528)
[    0.000000] No NUMA configuration found
[    0.000000] Faking a node at [mem 0x0000000000000000-0x000000003ffeffff]
[    0.000000] NODE_DATA(0) allocated [mem 0x3ffeb000-0x3ffeffff]
[    0.000000] kvm-clock: Using msrs 4b564d01 and 4b564d00
[    0.000000] kvm-clock: cpu 0, msr 0:3ffe3001, primary cpu clock
[    0.000000] kvm-clock: using sched offset of 3458752358 cycles
[    0.000000] clocksource: kvm-clock: mask: 0xffffffffffffffff max_cycles: 0x1cd42e4dffb, max_idle_ns: 881590591483 ns
[    0.000000] Zone ranges:
[    0.000000]   DMA      [mem 0x0000000000001000-0x0000000000ffffff]
[    0.000000]   DMA32    [mem 0x0000000001000000-0x000000003ffeffff]
[    0.000000]   Normal   empty
[    0.000000]   Device   empty
[    0.000000] Movable zone start for each node
[    0.000000] Early memory node ranges
[    0.000000]   node   0: [mem 0x0000000000001000-0x000000000009efff]
[    0.000000]   node   0: [mem 0x0000000000100000-0x000000003ffeffff]
[    0.000000] Initmem setup node 0 [mem 0x0000000000001000-0x000000003ffeffff]
[    0.000000] ACPI: PM-Timer IO Port: 0x4008
[    0.000000] IOAPIC[0]: apic_id 2, version 32, address 0xfec00000, GSI 0-23
[    0.000000] ACPI: INT_SRC_OVR (bus 0 bus_irq 0 global_irq 2 dfl dfl)
[    0.000000] ACPI: INT_SRC_OVR (bus 0 bus_irq 9 global_irq 9 high level)
[    0.000000] Using ACPI (MADT) for SMP configuration information
[    0.000000] smpboot: Allowing 2 CPUs, 0 hotplug CPUs
[    0.000000] PM: Registered nosave memory: [mem 0x00000000-0x00000fff]
[    0.000000] PM: Registered nosave memory: [mem 0x0009f000-0x0009ffff]
[    0.000000] PM: Registered nosave memory: [mem 0x000a0000-0x000effff]
[    0.000000] PM: Registered nosave memory: [mem 0x000f0000-0x000fffff]
[    0.000000] e820: [mem 0x40000000-0xfebfffff] available for PCI devices
[    0.000000] Booting paravirtualized kernel on KVM
[    0.000000] clocksource: refined-jiffies: mask: 0xffffffff max_cycles: 0xffffffff, max_idle_ns: 7645519600211568 ns
[    0.000000] setup_percpu: NR_CPUS:512 nr_cpumask_bits:512 nr_cpu_ids:2 nr_node_ids:1
[    0.000000] PERCPU: Embedded 33 pages/cpu @ffff88003fc00000 s98264 r8192 d28712 u1048576
[    0.000000] PV qspinlock hash table entries: 256 (order: 0, 4096 bytes)
[    0.000000] Built 1 zonelists in Node order, mobility grouping on.  Total pages: 257913
[    0.000000] Policy zone: DMA32
[    0.000000] Kernel command line: BOOT_IMAGE=/boot/vmlinuz-4.4.0-59-generic root=LABEL=cloudimg-rootfs ro console=tty1 console=ttyS0
[    0.000000] PID hash table entries: 4096 (order: 3, 32768 bytes)
[    0.000000] Memory: 1002068K/1048120K available (8436K kernel code, 1291K rwdata, 3960K rodata, 1488K init, 1316K bss, 46052K reserved, 0K cma-reserved)
[    0.000000] SLUB: HWalign=64, Order=0-3, MinObjects=0, CPUs=2, Nodes=1
[    0.000000] Hierarchical RCU implementation.
[    0.000000] 	Build-time adjustment of leaf fanout to 64.
[    0.000000] 	RCU restricting CPUs from NR_CPUS=512 to nr_cpu_ids=2.
[    0.000000] RCU: Adjusting geometry for rcu_fanout_leaf=64, nr_cpu_ids=2
[    0.000000] NR_IRQS:33024 nr_irqs:440 16
[    0.000000] Console: colour VGA+ 80x25
[    0.000000] console [tty1] enabled
[    0.000000] console [ttyS0] enabled
[    0.000000] tsc: Detected 2700.000 MHz processor
[    2.274740] Calibrating delay loop (skipped) preset value.. 5400.00 BogoMIPS (lpj=10800000)
[    2.309591] pid_max: default: 32768 minimum: 301
[    2.320432] ACPI: Core revision 20150930
[    2.333305] ACPI: 2 ACPI AML tables successfully acquired and loaded
[    2.351438] Security Framework initialized
[    2.366017] Yama: becoming mindful.
[    2.366929] AppArmor: AppArmor initialized
[    2.373597] Dentry cache hash table entries: 131072 (order: 8, 1048576 bytes)
[    2.394696] Inode-cache hash table entries: 65536 (order: 7, 524288 bytes)
[    2.406052] Mount-cache hash table entries: 2048 (order: 2, 16384 bytes)
[    2.407468] Mountpoint-cache hash table entries: 2048 (order: 2, 16384 bytes)
[    2.415243] Initializing cgroup subsys io
[    2.426153] Initializing cgroup subsys memory
[    2.428545] Initializing cgroup subsys devices
[    2.436387] Initializing cgroup subsys freezer
[    2.441857] Initializing cgroup subsys net_cls
[    2.452312] Initializing cgroup subsys perf_event
[    2.462972] Initializing cgroup subsys net_prio
[    2.465654] Initializing cgroup subsys hugetlb
[    2.469218] Initializing cgroup subsys pids
[    2.481237] CPU: Physical Processor ID: 0
[    2.494699] CPU: Processor Core ID: 0
[    2.508510] mce: CPU supports 0 MCE banks
[    2.531995] Last level iTLB entries: 4KB 64, 2MB 8, 4MB 8
[    2.576271] Last level dTLB entries: 4KB 64, 2MB 0, 4MB 0, 1GB 4
[    2.592778] Freeing SMP alternatives memory: 32K (ffffffff820b8000 - ffffffff820c0000)
[    2.619622] ftrace: allocating 32064 entries in 126 pages
[    2.671048] smpboot: APIC(0) Converting physical 0 to logical package 0
[    2.701475] smpboot: Max logical packages: 1
[    2.704495] x2apic enabled
[    2.733135] Switched APIC routing to physical x2apic.
[    2.738096] ..TIMER: vector=0x30 apic1=0 pin1=2 apic2=-1 pin2=-1
[    2.879988] smpboot: CPU0: Intel(R) Core(TM) i5-5257U CPU @ 2.70GHz (family: 0x6, model: 0x3d, stepping: 0x4)
[    2.959924] Performance Events: unsupported p6 CPU model 61 no PMU driver, software events only.
[    2.962016] KVM setup paravirtual spinlock
[    2.994769] x86: Booting SMP configuration:
[    3.015832] .... node  #0, CPUs:      #1
[    3.018082] kvm-clock: cpu 1, msr 0:3ffe3041, secondary cpu clock
[    3.041930] mce: CPU supports 0 MCE banks
[    3.055702] x86: Booted up 1 node, 2 CPUs
[    3.084155] smpboot: Total of 2 processors activated (10800.00 BogoMIPS)
[    3.133717] devtmpfs: initialized
[    3.160420] evm: security.selinux
[    3.168358] evm: security.SMACK64
[    3.169386] evm: security.SMACK64EXEC
[    3.204560] evm: security.SMACK64TRANSMUTE
[    3.209822] evm: security.SMACK64MMAP
[    3.210652] evm: security.ima
[    3.211371] evm: security.capability
[    3.212411] clocksource: jiffies: mask: 0xffffffff max_cycles: 0xffffffff, max_idle_ns: 7645041785100000 ns
[    3.227261] pinctrl core: initialized pinctrl subsystem
[    3.235015] RTC time:  4:37:20, date: 05/03/17
[    3.244063] NET: Registered protocol family 16
[    3.285350] cpuidle: using governor ladder
[    3.328469] cpuidle: using governor menu
[    3.364484] PCCT header not found.
[    3.381163] ACPI: bus type PCI registered
[    3.388673] acpiphp: ACPI Hot Plug PCI Controller Driver version: 0.5
[    3.433199] PCI: Using configuration type 1 for base access
[    3.460805] ACPI: Added _OSI(Module Device)
[    3.499462] ACPI: Added _OSI(Processor Device)
[    3.524142] ACPI: Added _OSI(3.0 _SCP Extensions)
[    3.536497] ACPI: Added _OSI(Processor Aggregator Device)
[    3.564794] ACPI: Executed 1 blocks of module-level executable AML code
[    3.639199] ACPI: Interpreter enabled
[    3.678212] ACPI: (supports S0 S5)
[    3.686989] ACPI: Using IOAPIC for interrupt routing
[    3.691630] PCI: Using host bridge windows from ACPI; if necessary, use "pci=nocrs" and report a bug
[    3.704222] ACPI: PCI Root Bridge [PCI0] (domain 0000 [bus 00-ff])
[    3.771116] acpi PNP0A03:00: _OSC: OS supports [ASPM ClockPM Segments MSI]
[    3.797038] acpi PNP0A03:00: _OSC failed (AE_NOT_FOUND); disabling ASPM
[    3.817780] acpi PNP0A03:00: fail to add MMCONFIG information, can't access extended PCI configuration space under this bridge.
[    3.868933] PCI host bridge to bus 0000:00
[    3.898448] pci_bus 0000:00: root bus resource [io  0x0000-0x0cf7 window]
[    3.956003] pci_bus 0000:00: root bus resource [io  0x0d00-0xffff window]
[    4.009176] pci_bus 0000:00: root bus resource [mem 0x000a0000-0x000bffff window]
[    4.114527] pci_bus 0000:00: root bus resource [mem 0x40000000-0xffdfffff window]
[    4.174225] pci_bus 0000:00: root bus resource [bus 00-ff]
[    4.193818] pci 0000:00:01.1: legacy IDE quirk: reg 0x10: [io  0x01f0-0x01f7]
[    4.264249] pci 0000:00:01.1: legacy IDE quirk: reg 0x14: [io  0x03f6]
[    4.310626] pci 0000:00:01.1: legacy IDE quirk: reg 0x18: [io  0x0170-0x0177]
[    4.349216] pci 0000:00:01.1: legacy IDE quirk: reg 0x1c: [io  0x0376]
[    4.405224] pci 0000:00:07.0: quirk: [io  0x4000-0x403f] claimed by PIIX4 ACPI
[    4.480862] pci 0000:00:07.0: quirk: [io  0x4100-0x410f] claimed by PIIX4 SMB
[    4.556787] ACPI: PCI Interrupt Link [LNKA] (IRQs 5 9 10 *11)
[    4.600728] ACPI: PCI Interrupt Link [LNKB] (IRQs 5 9 10 *11)
[    4.683734] ACPI: PCI Interrupt Link [LNKC] (IRQs 5 9 *10 11)
[    4.718881] ACPI: PCI Interrupt Link [LNKD] (IRQs 5 *9 10 11)
[    4.772430] ACPI: Enabled 2 GPEs in block 00 to 07
[    4.793471] vgaarb: setting as boot device: PCI:0000:00:02.0
[    4.828563] vgaarb: device added: PCI:0000:00:02.0,decodes=io+mem,owns=io+mem,locks=none
[    4.899651] vgaarb: loaded
[    4.903646] vgaarb: bridge control possible 0000:00:02.0
[    4.955834] SCSI subsystem initialized
[    4.997792] ACPI: bus type USB registered
[    5.027425] usbcore: registered new interface driver usbfs
[    5.055235] usbcore: registered new interface driver hub
[    5.068643] usbcore: registered new device driver usb
[    5.098997] PCI: Using ACPI for IRQ routing
[    5.122564] NetLabel: Initializing
[    5.129522] NetLabel:  domain hash size = 128
[    5.145539] NetLabel:  protocols = UNLABELED CIPSOv4
[    5.171927] NetLabel:  unlabeled traffic allowed by default
[    5.221964] amd_nb: Cannot enumerate AMD northbridges
[    5.248943] clocksource: Switched to clocksource kvm-clock
[    5.288597] AppArmor: AppArmor Filesystem Enabled
[    5.384782] pnp: PnP ACPI init
[    5.392498] pnp: PnP ACPI: found 3 devices
[    5.471232] clocksource: acpi_pm: mask: 0xffffff max_cycles: 0xffffff, max_idle_ns: 2085701024 ns
[    5.579472] NET: Registered protocol family 2
[    5.586116] TCP established hash table entries: 8192 (order: 4, 65536 bytes)
[    5.587776] TCP bind hash table entries: 8192 (order: 5, 131072 bytes)
[    5.610125] TCP: Hash tables configured (established 8192 bind 8192)
[    5.653290] UDP hash table entries: 512 (order: 2, 16384 bytes)
[    5.744916] UDP-Lite hash table entries: 512 (order: 2, 16384 bytes)
[    5.773507] NET: Registered protocol family 1
[    5.846196] pci 0000:00:00.0: Limiting direct PCI/PCI transfers
[    5.935196] pci 0000:00:01.0: Activating ISA DMA hang workarounds
[    5.973996] Trying to unpack rootfs image as initramfs...
[    7.919077] Freeing initrd memory: 10512K (ffff880036b68000 - ffff8800375ac000)
[    7.944328] RAPL PMU detected, API unit is 2^-32 Joules, 4 fixed counters 10737418240 ms ovfl timer
[    8.032372] hw unit of domain pp0-core 2^-0 Joules
[    8.152673] hw unit of domain package 2^-0 Joules
[    8.194569] hw unit of domain dram 2^-0 Joules
[    8.222375] hw unit of domain pp1-gpu 2^-0 Joules
[    8.273130] platform rtc_cmos: registered platform RTC device (no PNP device found)
[    8.327868] Scanning for low memory corruption every 60 seconds
[    8.379721] futex hash table entries: 512 (order: 3, 32768 bytes)
[    8.393179] audit: initializing netlink subsys (disabled)
[    8.434628] audit: type=2000 audit(1493786246.248:1): initialized
[    8.439049] Initialise system trusted keyring
[    8.495519] HugeTLB registered 2 MB page size, pre-allocated 0 pages
[    8.509661] zbud: loaded
[    8.542049] VFS: Disk quotas dquot_6.6.0
[    8.560386] VFS: Dquot-cache hash table entries: 512 (order 0, 4096 bytes)
[    8.602389] squashfs: version 4.0 (2009/01/31) Phillip Lougher
[    8.659767] fuse init (API version 7.23)
[    8.687789] Key type big_key registered
[    8.721027] Allocating IMA MOK and blacklist keyrings.
[    8.777824] Key type asymmetric registered
[    8.832053] Asymmetric key parser 'x509' registered
[    8.869087] Block layer SCSI generic (bsg) driver version 0.4 loaded (major 249)
[    8.880522] io scheduler noop registered
[    8.924412] io scheduler deadline registered (default)
[    8.957720] io scheduler cfq registered
[    8.967132] pci_hotplug: PCI Hot Plug PCI Core version: 0.5
[    9.013770] pciehp: PCI Express Hot Plug Controller Driver version: 0.4
[    9.100736] ACPI: AC Adapter [AC] (on-line)
[    9.112397] input: Power Button as /devices/LNXSYSTM:00/LNXPWRBN:00/input/input0
[    9.175746] ACPI: Power Button [PWRF]
[    9.185895] input: Sleep Button as /devices/LNXSYSTM:00/LNXSLPBN:00/input/input1
[    9.226265] ACPI: Sleep Button [SLPF]
[    9.251177] ACPI: Battery Slot [BAT0] (battery present)
[    9.295828] tsc: Refined TSC clocksource calibration: 2698.817 MHz
[    9.295941] GHES: HEST is not enabled!
[    9.389506] Serial: 8250/16550 driver, 32 ports, IRQ sharing enabled
[    9.446295] 00:02: ttyS0 at I/O 0x3f8 (irq = 4, base_baud = 115200) is a 16550A
[    9.495873] Linux agpgart interface v0.103
[    9.522987] brd: module loaded
[    9.523742] loop: module loaded
[    9.524467] scsi host0: ata_piix
[    9.524543] scsi host1: ata_piix
[    9.524582] ata1: PATA max UDMA/33 cmd 0x1f0 ctl 0x3f6 bmdma 0xd000 irq 14
[    9.524583] ata2: PATA max UDMA/33 cmd 0x170 ctl 0x376 bmdma 0xd008 irq 15
[    9.524687] libphy: Fixed MDIO Bus: probed
[    9.524690] tun: Universal TUN/TAP device driver, 1.6
[    9.524691] tun: (C) 1999-2004 Max Krasnyansky <maxk@qualcomm.com>
[    9.524989] PPP generic driver version 2.4.2
[    9.525046] ehci_hcd: USB 2.0 'Enhanced' Host Controller (EHCI) Driver
[    9.525051] ehci-pci: EHCI PCI platform driver
[    9.525066] ehci-platform: EHCI generic platform driver
[    9.525074] ohci_hcd: USB 1.1 'Open' Host Controller (OHCI) Driver
[    9.525078] ohci-pci: OHCI PCI platform driver
[    9.525086] ohci-platform: OHCI generic platform driver
[    9.525093] uhci_hcd: USB Universal Host Controller Interface driver
[    9.525146] i8042: PNP: PS/2 Controller [PNP0303:PS2K,PNP0f03:PS2M] at 0x60,0x64 irq 1,12
[    9.525575] serio: i8042 KBD port at 0x60,0x64 irq 1
[    9.525578] serio: i8042 AUX port at 0x60,0x64 irq 12
[    9.525671] mousedev: PS/2 mouse device common for all mice
[    9.525950] input: AT Translated Set 2 keyboard as /devices/platform/i8042/serio0/input/input2
[    9.526261] rtc_cmos rtc_cmos: rtc core: registered rtc_cmos as rtc0
[    9.526315] rtc_cmos rtc_cmos: alarms up to one day, 114 bytes nvram
[    9.526320] i2c /dev entries driver
[    9.526367] device-mapper: uevent: version 1.0.3
[    9.526414] device-mapper: ioctl: 4.34.0-ioctl (2015-10-28) initialised: dm-devel@redhat.com
[    9.526428] ledtrig-cpu: registered to indicate activity on CPUs
[    9.526653] NET: Registered protocol family 10
[    9.526780] NET: Registered protocol family 17
[    9.526789] Key type dns_resolver registered
[    9.526903] microcode: CPU0 sig=0x306d4, pf=0x40, revision=0x0
[    9.532420] microcode: CPU1 sig=0x306d4, pf=0x40, revision=0x0
[    9.532487] microcode: Microcode Update Driver: v2.01 <tigran@aivazian.fsnet.co.uk>, Peter Oruba
[    9.532613] registered taskstats version 1
[    9.532628] Loading compiled-in X.509 certificates
[    9.533302] Loaded X.509 cert 'Build time autogenerated kernel key: 6ffa6bfaa152a74cd2b6aa1e188cb999d8f5632b'
[    9.533333] zswap: loaded using pool lzo/zbud
[    9.535346] Key type trusted registered
[    9.538020] Key type encrypted registered
[    9.538027] AppArmor: AppArmor sha1 policy hashing enabled
[    9.538030] ima: No TPM chip found, activating TPM-bypass!
[    9.538052] evm: HMAC attrs: 0x1
[    9.538334]   Magic number: 1:221:615
[    9.538342] misc tun: hash matches
[    9.555165] rtc_cmos rtc_cmos: setting system clock to 2017-05-03 04:37:27 UTC (1493786247)
[    9.555295] BIOS EDD facility v0.16 2004-Jun-25, 0 devices found
[    9.555296] EDD information not available.
[   11.147434] clocksource: tsc: mask: 0xffffffffffffffff max_cycles: 0x26e6e134768, max_idle_ns: 440795312660 ns
[   11.200856] Freeing unused kernel memory: 1488K (ffffffff81f44000 - ffffffff820b8000)
[   11.292193] Write protecting the kernel read-only data: 14336k
[   11.336397] Freeing unused kernel memory: 1792K (ffff880001840000 - ffff880001a00000)
[   11.427262] Freeing unused kernel memory: 136K (ffff880001dde000 - ffff880001e00000)
Loading, please [   11.567823] random: systemd-udevd: uninitialized urandom read (16 bytes read, 7 bits of entropy available)
wait...
startin[   11.568387] random: udevadm: uninitialized urandom read (16 bytes read, 7 bits of entropy available)
g version 229
[   11.568418] random: udevadm: uninitialized urandom read (16 bytes read, 7 bits of entropy available)
[   11.568520] random: udevadm: uninitialized urandom read (16 bytes read, 7 bits of entropy available)
[   11.568770] random: udevadm: uninitialized urandom read (16 bytes read, 7 bits of entropy available)
[   11.568822] random: udevadm: uninitialized urandom read (16 bytes read, 7 bits of entropy available)
[   11.568860] random: udevadm: uninitialized urandom read (16 bytes read, 7 bits of entropy available)
[   11.568893] random: udevadm: uninitialized urandom read (16 bytes read, 7 bits of entropy available)
[   11.568935] random: udevadm: uninitialized urandom read (16 bytes read, 7 bits of entropy available)
[   11.568968] random: udevadm: uninitialized urandom read (16 bytes read, 7 bits of entropy available)
[   12.133953] e1000: Intel(R) PRO/1000 Network Driver - version 7.3.21-k8-NAPI
[   12.168198] e1000: Copyright (c) 1999-2006 Intel Corporation.
[   12.179780] Fusion MPT base driver 3.04.20
[   12.224737] Copyright (c) 1999-2008 LSI Corporation
[   12.258684] Fusion MPT SPI Host driver 3.04.20
[   12.285500] AVX version of gcm_enc/dec engaged.
[   12.287679] AES CTR mode by8 optimization enabled
[   12.545847] input: ImExPS/2 Generic Explorer Mouse as /devices/platform/i8042/serio1/input/input4
[   12.817936] e1000 0000:00:03.0 eth0: (PCI:33MHz:32-bit) 02:6d:90:52:c7:b2
[   12.825553] e1000 0000:00:03.0 eth0: Intel(R) PRO/1000 Network Connection
[   12.863148] mptbase: ioc0: Initiating bringup
[   12.863920] e1000 0000:00:03.0 enp0s3: renamed from eth0
[   12.953398] ioc0: LSI53C1030 A0: Capabilities={Initiator}
[   13.146834] scsi host2: ioc0: LSI53C1030 A0, FwRev=00000000h, Ports=1, MaxQ=256, IRQ=20
[   13.299313] scsi 2:0:0:0: Direct-Access     VBOX     HARDDISK         1.0  PQ: 0 ANSI: 5
[   13.319120] scsi target2:0:0: Beginning Domain Validation
[   13.322240] scsi target2:0:0: Domain Validation skipping write tests
[   13.335940] scsi target2:0:0: Ending Domain Validation
[   13.337189] scsi target2:0:0: asynchronous
[   13.345332] scsi 2:0:1:0: Direct-Access     VBOX     HARDDISK         1.0  PQ: 0 ANSI: 5
[   13.381998] scsi target2:0:1: Beginning Domain Validation
[   13.431153] scsi target2:0:1: Domain Validation skipping write tests
[   13.454942] scsi target2:0:1: Ending Domain Validation
[   13.476876] scsi target2:0:1: asynchronous
[   13.484280] sd 2:0:0:0: Attached scsi generic sg0 type 0
[   13.484303] sd 2:0:0:0: [sda] 20971520 512-byte logical blocks: (10.7 GB/10.0 GiB)
[   13.484440] sd 2:0:0:0: [sda] Write Protect is off
[   13.484508] sd 2:0:0:0: [sda] Incomplete mode parameter data
[   13.484509] sd 2:0:0:0: [sda] Assuming drive cache: write through
[   13.490411]  sda: sda1
[   13.493015] sd 2:0:0:0: [sda] Attached SCSI disk
[   13.593066] sd 2:0:1:0: [sdb] 20480 512-byte logical blocks: (10.5 MB/10.0 MiB)
[   13.604133] sd 2:0:1:0: Attached scsi generic sg1 type 0
[   13.604543] sd 2:0:1:0: [sdb] Write Protect is off
[   13.604659] sd 2:0:1:0: [sdb] Incomplete mode parameter data
[   13.604673] sd 2:0:1:0: [sdb] Assuming drive cache: write through
[   13.611224] sd 2:0:1:0: [sdb] Attached SCSI disk
[   15.255249] floppy0: no floppy controllers found
Begin: Loading e[   16.671489] md: linear personality registered for level -1
ssential drivers ... [   16.687369] md: multipath personality registered for level -4
[   16.767640] md: raid0 personality registered for level 0
[   16.845627] md: raid1 personality registered for level 1
[   16.945083] raid6: sse2x1   gen()  8555 MB/s
[   17.049461] raid6: sse2x1   xor()  6090 MB/s
[   17.117204] raid6: sse2x2   gen()  6679 MB/s
[   17.204959] raid6: sse2x2   xor()  6408 MB/s
[   17.293441] raid6: sse2x4   gen() 12075 MB/s
[   17.360996] raid6: sse2x4   xor()  7986 MB/s
[   17.394097] raid6: using algorithm sse2x4 gen() 12075 MB/s
[   17.416276] raid6: .... xor() 7986 MB/s, rmw enabled
[   17.461244] raid6: using ssse3x2 recovery algorithm
[   17.479685] xor: automatically using best checksumming function:
[   17.577162]    avx       : 26425.000 MB/sec
[   17.591411] async_tx: api initialized (async)
[   17.606009] md: raid6 personality registered for level 6
[   17.671007] md: raid5 personality registered for level 5
[   17.745369] md: raid4 personality registered for level 4
[   17.771345] md: raid10 personality registered for level 10
done.
Begin: Running /scripts/init-premount ... done.
Begin: Mounting root file system ... Begin: Running /scripts/local-top ... done[   17.845101] Btrfs loaded
.
Begin: Running /scripts/local-premount ... Scanning for Btrfs filesystems
done.
Warning: fsck no[   17.917640] EXT4-fs (sda1): mounted filesystem with ordered data mode. Opts: (null)
t present, so skipping root file system
done.
Begin: Running /scripts/local-bottom ... done.
Begin: Running /scripts/init-bottom ... done.
[   18.104049] systemd[1]: systemd 229 running in system mode. (+PAM +AUDIT +SELINUX +IMA +APPARMOR +SMACK +SYSVINIT +UTMP +LIBCRYPTSETUP +GCRYPT +GNUTLS +ACL +XZ -LZ4 +SECCOMP +BLKID +ELFUTILS +KMOD -IDN)
[   18.209361] systemd[1]: Detected virtualization oracle.
[   18.218260] systemd[1]: Detected architecture x86-64.

Welcome to [1mUbuntu 16.04.1 LTS[0m!

[   18.244789] systemd[1]: Set hostname to <ubuntu>.
[   18.266859] systemd[1]: Initializing machine ID from random generator.
[   18.268499] systemd[1]: Installed transient /etc/machine-id file.
[   18.476513] systemd[1]: Listening on Journal Socket (/dev/log).
[[0;32m  OK  [0m] Listening on Journal Socket (/dev/log).
[   18.513622] systemd[1]: Created slice User and Session Slice.
[[0;32m  OK  [0m] Created slice User and Session Slice.
[   18.530046] systemd[1]: Listening on Device-mapper event daemon FIFOs.
[[0;32m  OK  [0m] Listening on Device-mapper event daemon FIFOs.
[   18.535829] systemd[1]: Set up automount Arbitrary Executable File Formats File System Automount Point.
[[0;32m  OK  [0m] Set up automount Arbitrary Executab...ats File System Automount Point.
[   18.577472] systemd[1]: Listening on /dev/initctl Compatibility Named Pipe.
[[0;32m  OK  [0m] Listening on /dev/initctl Compatibility Named Pipe.
[   18.614554] systemd[1]: Listening on Syslog Socket.
[[0;32m  OK  [0m] Listening on Syslog Socket.
[   18.636403] systemd[1]: Listening on Journal Audit Socket.
[[0;32m  OK  [0m] Listening on Journal Audit Socket.
[   18.686269] systemd[1]: Listening on Journal Socket.
[[0;32m  OK  [0m] Listening on Journal Socket.
[   18.700551] systemd[1]: Reached target Swap.
[[0;32m  OK  [0m] Reached target Swap.
[   18.741566] systemd[1]: Reached target Encrypted Volumes.
[[0;32m  OK  [0m] Reached target Encrypted Volumes.
[   18.766067] systemd[1]: Listening on LVM2 poll daemon socket.
[[0;32m  OK  [0m] Listening on LVM2 poll daemon socket.
[   18.794859] systemd[1]: Listening on udev Control Socket.
[[0;32m  OK  [0m] Listening on udev Control Socket.
[   18.810247] systemd[1]: Reached target User and Group Name Lookups.
[[0;32m  OK  [0m] Reached target User and Group Name Lookups.
[   18.819778] systemd[1]: Created slice System Slice.
[[0;32m  OK  [0m] Created slice System Slice.
[   18.885296] systemd[1]: Starting Nameserver information manager...
         Starting Nameserver information manager...
[   18.957664] systemd[1]: Created slice system-serial\x2dgetty.slice.
[[0;32m  OK  [0m] Created slice system-serial\x2dgetty.slice.
[   19.010788] random: nonblocking pool is initialized
[   19.041739] systemd[1]: Starting Load Kernel Modules...
         Starting Load Kernel Modules...
[   19.057798] systemd[1]: Mounting POSIX Message Queue File System...
         Mounting POSIX Message Queue File System...
[   19.064848] Loading iSCSI transport class v2.0-870.
[   19.067105] systemd[1]: Mounting Huge Pages File System...
         Mounting Huge Pa[   19.173767] iscsi: registered transport (tcp)
ges File System...
[   19.271765] iscsi: registered transport (iser)
[   19.349493] systemd[1]: Mounting Debug File System...
         Mounting Debug File System...
[   19.437495] systemd[1]: Starting Set console keymap...
         Starting Set console keymap...
[   19.501196] systemd[1]: Reached target Slices.
[[0;32m  OK  [0m] Reached target Slices.
[   19.541584] systemd[1]: Starting Remount Root and Kernel File Systems...
         Starting Remount[   19.635049] EXT4-fs (sda1): re-mounted. Opts: (null)
 Root and Kernel File Systems...
[   19.689393] systemd[1]: Starting Uncomplicated firewall...
         Starting Uncomplicated firewall...
[   19.735807] systemd[1]: Starting Journal Service...
         Starting Journal Service...
[   19.837221] systemd[1]: Starting Create list of required static device nodes for the current kernel...
         Starting Create list of required st... nodes for the current kernel...
[   19.979725] systemd[1]: Listening on udev Kernel Socket.
[[0;32m  OK  [0m] Listening on udev Kernel Socket.
[   20.045684] systemd[1]: Listening on LVM2 metadata daemon socket.
[[0;32m  OK  [0m] Listening on LVM2 metadata daemon socket.
[   20.205439] systemd[1]: Starting Monitoring of LVM2 mirrors, snapshots etc. using dmeventd or progress polling...
         Starting Monitoring of LVM2 mirrors... dmeventd or progress polling...
[   20.381478] systemd[1]: Started Forward Password Requests to Wall Directory Watch.
[[0;32m  OK  [0m] Started Forward Password Requests to Wall Directory Watch.
[   20.490977] systemd[1]: Mounted Debug File System.
[[0;32m  OK  [0m] Mounted Debug File System.
[   20.585209] systemd[1]: Mounted POSIX Message Queue File System.
[[0;32m  OK  [0m] Mounted POSIX Message Queue File System.
[   20.652532] systemd[1]: Mounted Huge Pages File System.
[[0;32m  OK  [0m] Mounted Huge Pages File System.
[   20.716371] systemd[1]: Started Journal Service.
[[0;32m  OK  [0m] Started Journal Service.
[[0;32m  OK  [0m] Started Load Kernel Modules.
[[0;32m  OK  [0m] Started Set console keymap.
[[0;32m  OK  [0m] Started Remount Root and Kernel File Systems.
[[0;32m  OK  [0m] Started Uncomplicated firewall.
[[0;32m  OK  [0m] Started Create list of required sta...ce nodes for the current kernel.
[[0;32m  OK  [0m] Started Nameserver information manager.
[[0;32m  OK  [0m] Started LVM2 metadata daemon.
         Starting Create Static Device Nodes in /dev...
         Starting udev Coldplug all Devices...
         Starting Load/Save Random Seed...
         Starting Initial cloud-init job (pre-networking)...
         Mounting FUSE Control File System...
         Starting Apply Kernel Variables...
         Starting Flush Journal to Persistent Storage...
[[0;32m  OK  [0m] Mounted FUSE Control File System.
[[0;32m  OK  [0m] Started Monitoring of LVM2 mirrors,...ng dmeventd or progress polling.
[[0;32m  OK  [0m] Started Create Static Device Nodes in /dev.
[[0;32m  OK  [0m] Started Load/Save Random Seed.
[[0;32m  OK  [0m] Started Apply Kernel Variables.
[[0;32m  OK  [0m] Started udev Coldplug all Devices.
[[0;32m  OK  [0m] Started Flush Journal to Persistent Storage.
         Starting udev Kernel Device Manager...
[[0;32m  OK  [0m] Started udev Kernel Device Manager.
[[0;32m  OK  [0m] Started Dispatch Password Requests to Console Directory Watch.
[[0;32m  OK  [0m] Reached target Local File Systems (Pre).
[[0;32m  OK  [0m] Reached target Local File Systems.
         Starting Set console font and keymap...
         Starting Tell Plymouth To Write Out Runtime Data...
         Starting Create Volatile Files and Directories...
         Starting LSB: AppArmor initialization...
         Starting Commit a transient machine-id on disk...
[[0;32m  OK  [0m] Started Tell Plymouth To Write Out Runtime Data.
[[0;32m  OK  [0m] Started Create Volatile Files and Directories.
[[0;32m  OK  [0m] Started Commit a transient machine-id on disk.
         Starting Update UTMP about System Boot/Shutdown...
[[0;32m  OK  [0m] Reached target System Time Synchronized.
[[0;32m  OK  [0m] Started Update UTMP about System Boot/Shutdown.
[[0;32m  OK  [0m] Found device /dev/ttyS0.
[   18.659997] cloud-init[481]: Cloud-init v. 0.7.8 running 'init-local' at Wed, 03 May 2017 04:37:40 +0000. Up 17.82 seconds.
[[0;32m  OK  [0m] Started Initial cloud-init job (pre-networking).
[[0;32m  OK  [0m] Reached target Network (Pre).
[[0;32m  OK  [0m] Listening on Load/Save RF Kill Switch Status /dev/rfkill Watch.
[[0;32m  OK  [0m] Started LSB: AppArmor initialization.
         Starting Raise network interfaces...
[[0;32m  OK  [0m] Started Set console font and keymap.
[[0;32m  OK  [0m] Created slice system-getty.slice.
[[0;32m  OK  [0m] Started Raise network interfaces.
[[0;32m  OK  [0m] Reached target Network.
         Starting Initial cloud-init job (metadata service crawler)...
[   21.920000] cloud-init[1050]: Cloud-init v. 0.7.8 running 'init' at Wed, 03 May 2017 04:37:43 +0000. Up 21.14 seconds.
[   21.976940] cloud-init[1050]: ci-info: +++++++++++++++++++++++++++++++++++++Net device info++++++++++++++++++++++++++++++++++++++
[   22.032572] cloud-init[1050]: ci-info: +--------+------+----------------------------+---------------+-------+-------------------+
[   22.032840] cloud-init[1050]: ci-info: | Device |  Up  |          Address           |      Mask     | Scope |     Hw-Address    |
[[0;32m  OK  [0m] Started Initial cloud-init job (metadata service crawler).
[   22.033081] cloud-init[1050]: ci-info: +--------+------+----------------------------+---------------+-------+-------------------+
[   22.244704] cloud-init[1050]: ci-info: | enp0s3 | True |         10.0.2.15          | 255.255.255.0 |   .   | 02:6d:90:52:c7:b2 |
[   22.245053] cloud-init[1050]: ci-info: | enp0s3 | True | fe80::6d:90ff:fe52:c7b2/64 |       .       |  link | 02:6d:90:52:c7:b2 |
[[0;32m  OK  [0m] Reached target Network is Online.
[   22.245211] cloud-init[1050]: ci-info: |   lo   | True |         127.0.0.1          |   255.0.0.0   |   .   |         .         |
[   22.388644] cloud-init[1050]: ci-info: |   lo   | True |          ::1/128           |       .       |  host |         .         |
[   22.440627] cloud-init[1050]: ci-info: +--------+------+----------------------------+---------------+-------+-------------------+
         Starting iSCSI initiator daemon (iscsid)...
[[0;32m  OK  [0m] Reached target System Initialization.
[[0;32m  OK  [0m] Listening on ACPID Listen Socket.
[[0;32m  OK  [0m] Listening on D-Bus System Message Bus Socket.
[   22.507389] cloud-init[1050]: ci-info: +++++++++++++++++++++++++++Route IPv4 info++++++++++++++++++++++++++++
[   22.728686] cloud-init[1050]: ci-info: +-------+-------------+----------+---------------+-----------+-------+
[[0;32m  OK  [0m] Started ACPI Events Check.
[[0;32m  OK  [0m] Started Daily apt activities.
[[0;32m  OK  [0m] Started Daily Cleanup of Temporary Directories.
[[0;32m  OK  [0m] Started Timer to automatically refresh installed snaps.
[   22.786742] cloud-init[1050]: ci-info: | Route | Destination | Gateway  |    Genmask    | Interface | Flags |
[   23.088427] cloud-init[1050]: ci-info: +-------+-------------+----------+---------------+-----------+-------+
[[0;32m  OK  [0m] Reached target Timers.
[   23.176542] [cloud-init[0;32m  OK  [0m[1050]: ] ci-info: |   0   |   0.0.0.0   | 10.0.2.2 |    0.0.0.0    |   enp0s3  |   UG  |Listening on UUID daemon activation socket.

[[0;32m  OK  [0m] Started Trigger resolvconf update for networkd DNS.
[[0;32m  OK  [0m] Reached target Paths.
[   23.214726] cloud-init[1050]: ci-info: |   1   |   10.0.2.0  | 0.0.0.0  | 255.255.255.0 |   enp0s3  |   U   |
[   23.472483]          cloud-initStarting LXD - unix socket.[1050]: 
ci-info: +-------+-------------+----------+---------------+-----------+-------+
[   23.573022]          cloud-initStarting Socket activation for snappy daemon.[1050]: 
Generating public/private rsa key pair.
[   23.573532] [[0;32m  OK  [0m] Reached target Cloud-config availability.
cloud-init[1050]: Your identification has been saved in /etc/ssh/ssh_host_rsa_key.
[   23.736559] [cloud-init[0;32m  OK  [0m[1050]: ] Your public key has been saved in /etc/ssh/ssh_host_rsa_key.pub.Listening on LXD - unix socket.

[[0;32m  OK  [0m] Listening on Socket activation for snappy daemon.
[   23.737100] cloud-init[1050]: The key fingerprint is:
[   24.020671] [cloud-init[0;32m  OK  [0m[1050]: ] SHA256:ycymc4b8WvcyYntdTeYbBejPTFRf6iSTaSEgUyO05dc root@ubuntu-xenialStarted iSCSI initiator daemon (iscsid).

[   24.187490] cloud-init[1050]: The key's randomart image is:
         Starting Login to default iSCSI targets...
[   24.188382] [cloud-init[1050]: +---[RSA 2048]----+
[0;32m  OK  [0m] Reached target Sockets.
[[0;32m  OK  [0m] Reached target Basic System.
[   24.280840] cloud-init[1050]: |     .=.=.. .. .o|
[   24.460389]          cloud-initStarting Login Service...[1050]: 
|       B . o.+o.o|
[   24.512627] cloud-init[1050]: |      . . ..E.o..|
[   24.564620] [cloud-init[0;32m  OK  [0m[1050]: ] |       + o ..=. +|Started Snappy daemon.

[   24.565721] cloud-init[1050]: |        S    =.=.|
[   24.688683]          cloud-initStarting System Logging Service...[1050]: 
|     . +      =.o|
[   24.689417] cloud-init[1050]: |      = + .. .  o|
[   24.809974]          cloud-initStarting Pollinate to seed the pseudo random number generator...[1050]: 
|       *o.+..  . |
[   24.889947]          Starting Auto import assertions from block devices...
cloud-init[1050]: |      .oo+ o.    |
         Starting LSB: Record successful boot for GRUB...
[   24.924447] cloud-init[1050]: +----[SHA256]-----+
[   25.026023] [[0;32m  OK  [0m] Started D-Bus System Message Bus.
cloud-init[1050]: Generating public/private dsa key pair.
[   25.033632] cloud-init[1050]: Your identification has been saved in /etc/ssh/ssh_host_dsa_key.
[   25.040420] cloud-init[1050]: Your public key has been saved in /etc/ssh/ssh_host_dsa_key.pub.
[   25.054330] cloud-init[1050]: The key fingerprint is:
[[   25.084445] cloud-init[1050]: SHA256:k088eEnFq2PFzZZthiRAqN1ArOaaqGnYs716hXFTVD4 root@ubuntu-xenial[0;32m  OK  [0m] Started Deferred execution scheduler.

         Starting Apply the settings specified in cloud-config...
[   25.171846] cloud-init[1050]: The key's randomart image is:
[   25.195174] cloud-init[1050]: +---[DSA 1024]----+
[   25.204727]          cloud-initStarting LXD - container startup/shutdown...[1050]: 
|       +o++o.    |
[   25.205508] cloud-init[1050]: |        =. .o .  |
[   25.271609] [[0;32m  OK  [0m] Started ACPI event daemon.
cloud-init[1050]: |       = oE. * + |
[   25.298991] [cloud-init[0;32m  OK  [0m[1050]: ] |    . * .=.o+ * +|Started FUSE filesystem for LXC.

[   25.299797] cloud-init[1050]: |     * .S *o . o |
         Starting Accounts Service...
[   25.389453] cloud-init[1050]: |    . o  =+.     |         
Starting /etc/rc.local Compatibility...
         Starting LSB: MD monitoring daemon...
[   25.436618] cloud-init[1050]: |.. . +   ...     |
[   25.464511] cloud-init[1050]: |.o+.+            |
[[0;32m  OK  [0m] Started Regular background program processing daemon.
[[0;32m  OK  [0m] Started System Logging Service.
[[0;32m  OK  [0m] Started Auto import assertions from block devices.
[[0;32m  OK  [0m] Started LXD - container startup/shutdown.
[   25.482712] cloud-init[1050]: |+.o=o.           |
[   25.596736] cloud-init[1050]: +----[SHA256]-----+
[   25.596910] cloud-init[1050]: Generating public/private ecdsa key pair.
[   25.597103] cloud-init[1050]: Your identification has been saved in /etc/ssh/ssh_host_ecdsa_key.
[   25.597239] cloud-init[1050]: Your public key has been saved in /etc/ssh/ssh_host_ecdsa_key.pub.
[   25.597356] cloud-init[1050]: The key fingerprint is:
[   25.597462] cloud-init[1050]: SHA256:+/B7JmYrSwLOw80VYbkWN8kJoRi8LZdEb+9kWaZhjn8 root@ubuntu-xenial
[   25.597711] cloud-init[1050]: The key's randomart image is:
[   25.597961] cloud-init[1050]: +---[ECDSA 256]---+
[   25.598145] cloud-init[1050]: |   .... == o     |
[   25.598272] cloud-init[1050]: |    .o.+o.*      |
[   25.598365] cloud-init[1050]: |    .+..++o.o    |
[   25.598461] cloud-init[1050]: |    o +.o* *     |
[   25.598545] cloud-init[1050]: |    .o .S B      |
[   25.598779] cloud-init[1050]: |   + + . *       |
[   25.598894] cloud-init[1050]: |    = + + o E    |
[   25.598979] cloud-init[1050]: |     . o.++.o    |
[   25.599036] cloud-init[1050]: |        .==*     |
[   25.599090] cloud-init[1050]: +----[SHA256]-----+
[   25.599142] cloud-init[1050]: Generating public/private ed25519 key pair.
[   25.599197] cloud-init[1050]: Your identification has been saved in /etc/ssh/ssh_host_ed25519_key.
[   25.599335] cloud-init[1050]: Your public key has been saved in /etc/ssh/ssh_host_ed25519_key.pub.
[   25.599466] cloud-init[1050]: The key fingerprint is:
[   25.599520] cloud-init[1050]: SHA256:3C0U47laWk3PHB2cOxcwB5ee+7AYTimivW9sbbkafME root@ubuntu-xenial
[   25.599573] cloud-init[1050]: The key's randomart image is:
[   25.599626] cloud-init[1050]: +--[ED25519 256]--+
[   25.599679] cloud-init[1050]: |          o  +++o|
[   25.599731] cloud-init[1050]: |         . +  +*.|
[   25.599784] cloud-init[1050]: |          + . o =|
[   25.599835] cloud-init[1050]: |       . o * + *.|
[   25.599888] cloud-init[1050]: |        S * E.+ +|
[   25.599939] cloud-init[1050]: |        .*..+... |
[[0;32m  OK  [0m] Started /etc/rc.local Compatibility.
[[0;32m  OK  [0m] Started Pollinate to seed the pseudo random number generator.
[   25.600111] cloud-init[1050]: |       oooo=.+ o.|
[   26.357326] cloud-init[1050]: |      . . +o* . .|
[   26.388218] cloud-init[1050]: |        .=oo..   |
[   26.433415] cloud-init[1050]: +----[SHA256]-----+
[[0;32m  OK  [0m] Started LSB: Record successful boot for GRUB.
[   26.500243] cloud-init[1216]: Generating locales (this might take a while)...
[[0;32m  OK  [0m] Started Login to default iSCSI targets.
[[0;32m  OK  [0m] Started LSB: MD monitoring daemon.
[[0;32m  OK  [0m] Started Login Service.
         Starting Authenticate and Authorize Users to Run Privileged Tasks...
[[0;32m  OK  [0m] Reached target Remote File Systems (Pre).
[[0;32m  OK  [0m] Reached target Remote File Systems.
         Starting LSB: daemon to balance interrupts for SMP systems...
         Starting LSB: VirtualBox Linux Additions...
         Starting LSB: Set the CPU Frequency Scaling governor to "ondemand"...
         Starting Permit User Sessions...
         Starting LSB: automatic crash report generation...
         Starting OpenBSD Secure Shell server...
[[0;32m  OK  [0m] Started Permit User Sessions.
[[0;32m  OK  [0m] Started Authenticate and Authorize Users to Run Privileged Tasks.
[[0;32m  OK  [0m] Started OpenBSD Secure Shell server.
[[0;32m  OK  [0m] Started Accounts Service.
[[0;32m  OK  [0m] Started LSB: daemon to balance interrupts for SMP systems.
         Starting Hold until boot process finishes up...
         Starting Terminate Plymouth Boot Screen...
[[0;32m  OK  [0m] Started LSB: Set the CPU Frequency Scaling governor to "ondemand".
[[0;32m  OK  [0m] Started Hold until boot process finishes up.
[[0;32m  OK  [0m] Started Terminate Plymouth Boot Screen.
[[0;32m  OK  [0m] Started Getty on tty1.
         Starting Set console scheme...
[[0;32m  OK  [0m] Started Serial Getty on ttyS0.
[[0;32m  OK  [0m] Reached target Login Prompts.
[[0;32m  OK  [0m] Started LSB: VirtualBox Linux Additions.
[[0;32m  OK  [0m] Started LSB: automatic crash report generation.
[[0;32m  OK  [0m] Started Set console scheme.
[[0;32m  OK  [0m] Reached target Multi-User System.
[[0;32m  OK  [0m] Reached target Graphical Interface.
         Starting Update UTMP about System Runlevel Changes...
[[0;32m  OK  [0m] Started Update UTMP about System Runlevel Changes.
[   28.209066] cloud-init[1216]:   en_US.UTF-8... done
[   28.272772] cloud-init[1216]: Generation complete.
         Stopping OpenBSD Secure Shell server...
[[0;32m  OK  [0m] Stopped OpenBSD Secure Shell server.
         Starting OpenBSD Secure Shell server...
[[0;32m  OK  [0m] Started OpenBSD Secure Shell server.
[[0;32m  OK  [0m] Created slice User Slice of ubuntu.
         Starting User Manager for UID 1000...
[[0;32m  OK  [0m] Started Session 1 of user ubuntu.
[[0;32m  OK  [0m] Started User Manager for UID 1000.
[   28.856441] cloud-init[1216]: Cloud-init v. 0.7.8 running 'modules:config' at Wed, 03 May 2017 04:37:48 +0000. Up 26.05 seconds.
[[0;32m  OK  [0m] Started Apply the settings specified in cloud-config.
         Starting Execute cloud user/final scripts...
ci-info: no authorized ssh keys fingerprints found for user ubuntu.
<14>May  3 04:37:52 ec2: 
<14>May  3 04:37:52 ec2: #############################################################
<14>May  3 04:37:52 ec2: -----BEGIN SSH HOST KEY FINGERPRINTS-----
<14>May  3 04:37:52 ec2: 1024 SHA256:k088eEnFq2PFzZZthiRAqN1ArOaaqGnYs716hXFTVD4 root@ubuntu-xenial (DSA)
<14>May  3 04:37:52 ec2: 256 SHA256:+/B7JmYrSwLOw80VYbkWN8kJoRi8LZdEb+9kWaZhjn8 root@ubuntu-xenial (ECDSA)
<14>May  3 04:37:52 ec2: 256 SHA256:3C0U47laWk3PHB2cOxcwB5ee+7AYTimivW9sbbkafME root@ubuntu-xenial (ED25519)
<14>May  3 04:37:52 ec2: 2048 SHA256:ycymc4b8WvcyYntdTeYbBejPTFRf6iSTaSEgUyO05dc root@ubuntu-xenial (RSA)
<14>May  3 04:37:52 ec2: -----END SSH HOST KEY FINGERPRINTS-----
<14>May  3 04:37:52 ec2: #############################################################
-----BEGIN SSH HOST KEY KEYS-----
ecdsa-sha2-nistp256 AAAAE2VjZHNhLXNoYTItbmlzdHAyNTYAAAAIbmlzdHAyNTYAAABBBI951VjfHAhQ/PDuEuMtds/MfEJvwfb4eRlKPIfeG0zpa0meY7unFchoUXb5QaqqRKgiH8MoRW8LbjaBCJIQsfY= root@ubuntu-xenial
ssh-ed25519 AAAAC3NzaC1lZDI1NTE5AAAAIGrrc9Qc5vJAX9iLklhi2KWpWokyObVKNgBvhsgU6mQ1 root@ubuntu-xenial
ssh-rsa AAAAB3NzaC1yc2EAAAADAQABAAABAQCZAxR2+LZwTDzH7sDst7g/k3UgsvguRvOwZU/waEHBELLyEAzfWtP3XQvdcpqPMFWpQQYXSM+wkORRxijYipaVPXS/hEPxqtPLebd/gUYio+Nw9GTSv8SHB+CkpJhVb9XyhlMTW+A31o0jpw7iVm535RJNo/5vmn0v3TYX0sxDK9JNpQdv/VmiyLR7733ak2JZxbfFaN7TDLYRaWvxRprCVFXYvbMIlLFt+lJGF09+ifjVw5PQtWkafF7gfHUCNXcjuwmT0Er9B0R+k/yd/pJY9xbwgPNZHcSGAbV0ewgCR7VIuBoPXGl6nchBodr79XD+igJ4g5uMnpr7M6waLY9x root@ubuntu-xenial
-----END SSH HOST KEY KEYS-----
[   30.547092] cloud-init[1481]: Cloud-init v. 0.7.8 running 'modules:final' at Wed, 03 May 2017 04:37:52 +0000. Up 29.68 seconds.
[   30.573311] cloud-init[1481]: ci-info: no authorized ssh keys fingerprints found for user ubuntu.
[   30.612653] cloud-init[1481]: Cloud-init v. 0.7.8 finished at Wed, 03 May 2017 04:37:53 +0000. Datasource DataSourceNoCloud [seed=/dev/sdb][dsmode=net].  Up 30.52 seconds
[[0;32m  OK  [0m] Started Execute cloud user/final scripts.
[[0;32m  OK  [0m] Reached target Cloud-init target.

Ubuntu 16.04.1 LTS ubuntu-xenial ttyS0

ubuntu-xenial login: 